// Jest Snapshot v1, https://goo.gl/fbAQLP

exports[`<ErrorMessage /> snapshot 1`] = `
<h3
  class="sc-htpNat sc-bxivhb fvaKrV"
  color="error"
>
  error happened
</h3>
`;
